// Jest Snapshot v1, https://goo.gl/fbAQLP

exports[`Shared Notes Is it ItemsNavi Snap 1`] = `
<ContextProvider
  value={
    Object {
      "store": Object {
        "clearActions": [Function],
        "dispatch": [Function],
        "getActions": [Function],
        "getState": [Function],
        "replaceReducer": [Function],
        "subscribe": [Function],
      },
      "subscription": Object {
        "addNestedSub": [Function],
        "getListeners": [Function],
        "handleChangeWrapper": [Function],
        "isSubscribed": [Function],
        "notifyNestedSubs": [Function],
        "onStateChange": [Function],
        "trySubscribe": [Function],
        "tryUnsubscribe": [Function],
      },
    }
  }
>
  <QueryClientProvider
    client={
      QueryClient {
        "defaultOptions": Object {},
        "mutationCache": MutationCache {
          "config": Object {},
          "listeners": Array [],
          "mutationId": 0,
          "mutations": Array [],
        },
        "mutationDefaults": Array [],
        "queryCache": QueryCache {
          "config": Object {},
          "listeners": Array [],
          "queries": Array [],
          "queriesMap": Object {},
        },
        "queryDefaults": Array [],
      }
    }
  >
    <SharedNotesList />
  </QueryClientProvider>
</ContextProvider>
`;
